RAM Allocation
Variable                                                          Address   Size
--------------------------------------------------------------------------------
buffer                                                            0x01C8       5
rx_buffer                                                         0x01CD      16
tx_buffer                                                         0x01DD      16

EEPROM Allocation
Variable                                                          Address   Size
--------------------------------------------------------------------------------

Register Allocation
Variable                                                          Register  Size
--------------------------------------------------------------------------------
nhiet                                                             R5           1
am                                                                R4           1
select                                                            R7           1
rx_wr_index                                                       R6           1
rx_rd_index                                                       R9           1
rx_counter                                                        R8           1
rx_buffer_overflow                                                R2.0      1bit
tx_wr_index                                                       R11          1
tx_rd_index                                                       R10          1
tx_counter                                                        R13          1
